// Jest Snapshot v1, https://goo.gl/fbAQLP

exports[`Canvas Services create can create canvases 1`] = `
Object {
  "adhoc": false,
  "created": Any<String>,
  "hasExports": false,
  "id": Any<String>,
  "modules": Array [],
  "name": Any<String>,
  "serialized": false,
  "settings": Object {
    "editorState": Object {
      "runTab": "#tab-realtime",
    },
  },
  "startedById": null,
  "state": "STOPPED",
  "uiChannel": ObjectContaining {
    "id": Any<String>,
  },
  "updated": Any<String>,
}
`;
